// Jest Snapshot v1, https://goo.gl/fbAQLP

exports[`With React Testing Library Shows "Champions", "LogIn With Google" and "Champions Board" 1`] = `[Function]`;
